[edition.cnn.com/2020/01/06/health/china-pneumonia-intl-hnk/index.html]
[backblue.gif]
[fade.gif]
[index.html]
[edition.cnn.com/media/sites/js/bundles/business-adfuel-body-7c9bd2f9cbf7bf1fd1500e8a0e1607eda1f84784896ccd0f98f23e7afe932f24.min.js]
[edition.cnn.com/media/sites/js/bundles/business-edition-adfuel-body-a1591f5f01349936b2277688247fa6a09642b05b67e7975c36e904bc28f18284.min.js]
[edition.cnn.com/media/sites/js/bundles/cnn-adfuel-body-1af584f873341c508e0ebf06e0089ac96808a5a7c85fab5ee774cd217b6c035d.min.js]
[edition.cnn.com/media/sites/js/bundles/cnn-edition-adfuel-c4112fcd4ead64437e684b236cbcf81539badb42519881aade9df2477b438058.min.js]
[edition.cnn.com/media/sites/js/bundles/espanol-adfuel-body-4053c9673783e419286498acb6147d8a5bbf855fc33f244bb859a77cffbd803c.min.js]
[edition.cnn.com/media/sites/js/bundles/espanol-adfuel-81a44d93f955141c73854420b5382e178253b911f95e19dc32db15d039f87263.min.js]
[edition.cnn.com/media/sites/js/bundles/espanol-adfuel-body-dfa466bbfd527905291c205b53f56bb5430a945325dbbbfa47857a22aa128b83.min.js]
[edition.cnn.com/media/sites/js/bundles/espanol-adfuel-lite-2d879f323bd9d929bc9e02913c1647bf073cc0f657258b43da4b601ceb595228.min.js]
[edition.cnn.com/media/sites/cnn/apple-touch-icon.png]
[edition.cnn.com/2020/01/06/health/china-pneumonia-intl-hnk/metaURL]
[static.chartbeat.com/js/chartbeat_mab.js]
[edition.cnn.com/2020/01/06/health/china-pneumonia-intl-hnk/GET]
[edition.cnn.com/2020/01/06/health/china-pneumonia-intl-hnk/POST]
[cdn.optimizely.com/public/125375509/s/articleprod.js]
[edition.cnn.com/media/sites/cnn/cnn-fallback-image.jpg]
[media.cnn.com/api/v1/images/stellar/prod/150820163747-profile-background-stock-no-photo2cc2.jpg]
[media.cnn.com/api/v1/images/stellar/prod/160912145855-pneumonia49f2.jpg]
[media.cnn.com/api/v1/images/stellar/prod/160912145855-pneumoniab68d.jpg]
[media.cnn.com/api/v1/images/stellar/prod/160912145855-pneumonia9b50.jpg]
[media.cnn.com/api/v1/images/stellar/prod/fareed30085.jpg]
[media.cnn.com/api/v1/images/stellar/prod/fareed36f08.jpg]
[media.cnn.com/api/v1/images/stellar/prod/brothers0085.jpg]
[media.cnn.com/api/v1/images/stellar/prod/brothers6f08.jpg]
[media.cnn.com/api/v1/images/stellar/prod/111370-avalanchechina0085.jpg]
[media.cnn.com/api/v1/images/stellar/prod/111370-avalanchechina6f08.jpg]
[media.cnn.com/api/v1/images/stellar/prod/gold-toilet-heist-cctv0085.jpg]
[media.cnn.com/api/v1/images/stellar/prod/gold-toilet-heist-cctv6f08.jpg]
[media.cnn.com/api/v1/images/stellar/prod/20250225-gupta-pope-cnn899f.jpg]
[media.cnn.com/api/v1/images/stellar/prod/20250225-gupta-pope-cnn0085.jpg]
[media.cnn.com/api/v1/images/stellar/prod/20250225-gupta-pope-cnn6f08.jpg]
[media.cnn.com/api/v1/images/stellar/prod/111366-russia-protest-clean-brighter0085.jpg]
[media.cnn.com/api/v1/images/stellar/prod/111366-russia-protest-clean-brighter6f08.jpg]
[media.cnn.com/api/v1/images/stellar/prod/250224-ebof-putin-00-03-13-01-still0010085.jpg]
[media.cnn.com/api/v1/images/stellar/prod/250224-ebof-putin-00-03-13-01-still0016f08.jpg]
[media.cnn.com/api/v1/images/stellar/prod/still-21408135-2685299-531-still0085.jpg]
[media.cnn.com/api/v1/images/stellar/prod/still-21408135-2685299-531-still6f08.jpg]
[media.cnn.com/api/v1/images/stellar/prod/2025-02-23t073051z-1332953857-rc260davrnn4-rtrmadp-3-germany-election0085.jpg]
[media.cnn.com/api/v1/images/stellar/prod/2025-02-23t073051z-1332953857-rc260davrnn4-rtrmadp-3-germany-election6f08.jpg]
[media.cnn.com/api/v1/images/stellar/prod/yael-alexander-hostage-mother-0222-dig899f.jpg]
[media.cnn.com/api/v1/images/stellar/prod/yael-alexander-hostage-mother-0222-dig0085.jpg]
[media.cnn.com/api/v1/images/stellar/prod/yael-alexander-hostage-mother-0222-dig6f08.jpg]
[edition.cnn.com/2020/01/06/health/china-pneumonia-intl-hnk/still_21375184_116436.629_still.34.delayed]
[media.cnn.com/api/v1/images/stellar/prod/still-21375184-116436-629-still899f.jpg]
[media.cnn.com/api/v1/images/stellar/prod/still-21375184-116436-629-still0085.jpg]
[media.cnn.com/api/v1/images/stellar/prod/still-21375184-116436-629-still6f08.jpg]
[media.cnn.com/api/v1/images/stellar/prod/111299-southafricaimam-v1-clean-00-00-24-00-still0010085.jpg]
[media.cnn.com/api/v1/images/stellar/prod/111299-southafricaimam-v1-clean-00-00-24-00-still0016f08.jpg]
[media.cnn.com/api/v1/images/stellar/prod/ac360-boehler-digvid-thumb0085.jpg]
[media.cnn.com/api/v1/images/stellar/prod/ac360-boehler-digvid-thumb6f08.jpg]
[media.cnn.com/api/v1/images/stellar/prod/20250220-fareed-putin-split0085.jpg]
[media.cnn.com/api/v1/images/stellar/prod/20250220-fareed-putin-split6f08.jpg]
[media.cnn.com/api/v1/images/stellar/prod/09-gettyimages-10640104720085.jpg]
[media.cnn.com/api/v1/images/stellar/prod/09-gettyimages-10640104726f08.jpg]
[media.cnn.com/api/v1/images/stellar/prod/russian0085.jpg]
[media.cnn.com/api/v1/images/stellar/prod/russian6f08.jpg]
[media.cnn.com/api/v1/images/stellar/prod/240615082225-princess-kate-balcony-royals-digvid0085.jpg]
[media.cnn.com/api/v1/images/stellar/prod/240615082225-princess-kate-balcony-royals-digvid6f08.jpg]
[media.cnn.com/api/v1/images/stellar/prod/240615072426-catherine-of-wales-carriage-digvid0085.jpg]
[media.cnn.com/api/v1/images/stellar/prod/240615072426-catherine-of-wales-carriage-digvid6f08.jpg]
[media.cnn.com/api/v1/images/stellar/prod/240604212459-pollster-india-election-vpx0085.jpg]
[media.cnn.com/api/v1/images/stellar/prod/240604212459-pollster-india-election-vpx6f08.jpg]
[media.cnn.com/api/v1/images/stellar/prod/240605122406-video-normandy-veterans-return-bell0085.jpg]
[media.cnn.com/api/v1/images/stellar/prod/240605122406-video-normandy-veterans-return-bell6f08.jpg]
[media.cnn.com/api/v1/images/stellar/prod/240606091044-biden-d-day-anniversary-ceremony-vpx0085.jpg]
[media.cnn.com/api/v1/images/stellar/prod/240606091044-biden-d-day-anniversary-ceremony-vpx6f08.jpg]
[media.cnn.com/api/v1/images/stellar/prod/240603081142-03-claudia-sheinbaum-0603240085.jpg]
[media.cnn.com/api/v1/images/stellar/prod/240603081142-03-claudia-sheinbaum-0603246f08.jpg]
[media.cnn.com/api/v1/images/stellar/prod/240602175814-mexico-candidates0085.jpg]
[media.cnn.com/api/v1/images/stellar/prod/240602175814-mexico-candidates6f08.jpg]
[media.cnn.com/api/v1/images/stellar/prod/240527163817-rafah-diamond-camp-vpx-digvid0085.jpg]
[media.cnn.com/api/v1/images/stellar/prod/240527163817-rafah-diamond-camp-vpx-digvid6f08.jpg]
[media.cnn.com/api/v1/images/stellar/prod/130416084945-01-china-bird-flu-041673c0.jpg]
[media.cnn.com/api/v1/images/stellar/prod/150608000144-south-korea-mers-31949.jpg]
[media.cnn.com/api/v1/images/stellar/prod/150608000144-south-korea-mers-373c0.jpg]
[media.cnn.com/api/v1/images/stellar/prod/190621105138-flu-shot-filee04c.jpg]
[media.cnn.com/api/v1/images/stellar/prod/190621105138-flu-shot-file73c0.jpg]
[edition.cnn.com/2020/01/06/health/china-pneumonia-intl-hnk/o.5a.delayed]
[edition.cnn.com/2020/01/06/health/china-pneumonia-intl-hnk/window.location]
[edition.cnn.com/services/client/vertical-video/vertical-video-metrics.js]
[edition.cnn.com/services/client/underscored-api/underscored-api-client.js]
[edition.cnn.com/services/client/follow.js]
[edition.cnn.com/2020/01/06/health/china-pneumonia-intl-hnk/t]
[edition.cnn.com/services/client/arkose.js]
[edition.cnn.com/services/universal/zion-dalton-sdk.js]
[edition.cnn.com/components/openweb-convo/comment-counter.js]
[edition.cnn.com/services/client/tve-asset.js]
[edition.cnn.com/components/user-account-sso-button/utils/apple-button.js]
[edition.cnn.com/services/universal/video.js]
[edition.cnn.com/2020/01/06/health/china-pneumonia-intl-hnk/e.66.delayed]
[edition.cnn.com/2020/01/06/health/china-pneumonia-intl-hnk/ABCDEFGHIJKLMNOPQRSTUVWXYZabcdefghijklmnopqrstuvwxyz0123456789+/index.html]
[edition.cnn.com/components/content-recs/client.js]
[edition.cnn.com/components/openweb-convo/client.js]
[edition.cnn.com/2020/01/06/health/china-pneumonia-intl-hnk/r]
[edition.cnn.com/components/user-account-nav/client.js]
[edition.cnn.com/2020/01/06/health/china-pneumonia-intl-hnk/=true; max-age=86400; path=/index.html]
[edition.cnn.com/components/video-playlist/client.js]
[edition.cnn.com/components/mvpd-picker/client.js]
[edition.cnn.com/2020/01/06/health/china-pneumonia-intl-hnk/n]
[edition.cnn.com/2020/01/06/health/china-pneumonia-intl-hnk/index.html]
[edition.cnn.com/2020/01/06/health/china-pneumonia-intl-hnk/metaURL.html]
[static.chartbeat.com/js/chartbeat_mab.js]
[edition.cnn.com/2020/01/06/health/china-pneumonia-intl-hnk/GET.html]
[edition.cnn.com/2020/01/06/health/china-pneumonia-intl-hnk/POST.html]
[edition.cnn.com/2020/01/06/health/china-pneumonia-intl-hnk/_https_/www.cnn.com/_]
[edition.cnn.com/2020/01/06/health/china-pneumonia-intl-hnk/_https_/www.cnn.com/profiles/sanjay-gupta-profile_]
[edition.cnn.com/2020/01/06/health/china-pneumonia-intl-hnk/_https_/media.cnn.com/api/v1/images/stellar/prod/140326162449-sanjay-guptaf122.jpg]
[edition.cnn.com/2020/01/06/health/china-pneumonia-intl-hnk/_https_/www.cnn.com/shows/erin-burnett-out-front_]
[edition.cnn.com/2020/01/06/health/china-pneumonia-intl-hnk/_https_/www.cnn.com/profiles/john-general_]
[edition.cnn.com/2020/01/06/health/china-pneumonia-intl-hnk/_https_/www.cnn.com/profiles/nic-robertson_]
[edition.cnn.com/2020/01/06/health/china-pneumonia-intl-hnk/_https_/media.cnn.com/api/v1/images/stellar/prod/230620122953-nic-robertson-2023fc6f.jpg]
[edition.cnn.com/2020/01/06/health/china-pneumonia-intl-hnk/_https_/www.cnn.com/profiles/nick-paton-walsh_]
[edition.cnn.com/2020/01/06/health/china-pneumonia-intl-hnk/_https_/media.cnn.com/api/v1/images/stellar/prod/181120154047-nick-paton-walsh-2018fc6f.jpg]
[edition.cnn.com/2020/01/06/health/china-pneumonia-intl-hnk/_https_/www.cnn.com/profiles/augusta-anthony-profile_]
[edition.cnn.com/2020/01/06/health/china-pneumonia-intl-hnk/still_21375184_116436.629_still.html]
[edition.cnn.com/2020/01/06/health/china-pneumonia-intl-hnk/_https_/www.cnn.com/shows/the-lead_]
[edition.cnn.com/2020/01/06/health/china-pneumonia-intl-hnk/_https_/www.cnn.com/shows/newsroom_]
[edition.cnn.com/2020/01/06/health/china-pneumonia-intl-hnk/_https_/www.cnn.com/shows/amanpour_]
[edition.cnn.com/2020/01/06/health/china-pneumonia-intl-hnk/o.html]
[edition.cnn.com/2020/01/06/health/china-pneumonia-intl-hnk/window.html]
[edition.cnn.com/services/client/vertical-video/vertical-video-metrics.html]
[edition.cnn.com/services/client/underscored-api/underscored-api-client.html]
[edition.cnn.com/services/client/follow.html]
[edition.cnn.com/2020/01/06/health/china-pneumonia-intl-hnk/t.html]
[edition.cnn.com/services/client/arkose.html]
[edition.cnn.com/services/universal/zion-dalton-sdk.html]
[edition.cnn.com/components/openweb-convo/comment-counter.html]
[edition.cnn.com/services/client/tve-asset.html]
[edition.cnn.com/components/user-account-sso-button/utils/apple-button.html]
[edition.cnn.com/services/universal/video.html]
[edition.cnn.com/2020/01/06/health/china-pneumonia-intl-hnk/ABCDEFGHIJKLMNOPQRSTUVWXYZabcdefghijklmnopqrstuvwxyz0123456789+/index.html]
[edition.cnn.com/2020/01/06/health/china-pneumonia-intl-hnk/e.html]
[edition.cnn.com/components/content-recs/client.html]
[edition.cnn.com/components/openweb-convo/client.html]
[edition.cnn.com/2020/01/06/health/china-pneumonia-intl-hnk/r.html]
[edition.cnn.com/2020/01/06/health/china-pneumonia-intl-hnk/=true; max-age=86400; path=/index.html]
[edition.cnn.com/components/user-account-nav/client.html]
[edition.cnn.com/components/video-playlist/client.html]
[edition.cnn.com/components/mvpd-picker/client.html]
[edition.cnn.com/2020/01/06/health/china-pneumonia-intl-hnk/n.html]
